discr_rec.ads:5:09: info: range check proved (CVC4: 2 VC)
