private_types.ads:7:33: info: range check proved (CVC5: 2 VC)
private_types.ads:8:15: info: range check proved (CVC5: 2 VC)
private_types.ads:10:56: info: in default value of private type at private_types.ads:5
private_types.ads:10:56: info: range check proved (CVC5: 2 VC)
private_types.ads:10:56: medium: in default value of private type at private_types.ads:5
private_types.ads:10:56: medium: range check might fail, cannot prove lower bound for 0 [reason for check: default value must fit in the type]
