forgetful_assert.adb:1:29: info: initialization of "X" proved
forgetful_assert.adb:7:19: info: assertion proved
forgetful_assert.adb:9:27: info: assertion proved
forgetful_assert.adb:11:19: info: assertion proved

forgetful_assert.adb:12:19: medium: assertion might fail
   12 |   pragma Assert (X = 1);
      |                  ^~~~~
  e.g. when X = 2
  possible fix: add or complete related loop invariants or postconditions
