
pack.adb:6:25: (info) overflow check proved
pack.adb:6:25: (info) range check proved
pack.adb:7:27: (info) overflow check proved
pack.adb:7:27: range check not proved
pack.ads:19:26: overflow check not proved
pack.ads:19:35: (info) postcondition proved
pack.ads:19:47: (info) overflow check proved
