message_tests.adb:40:33: warning: unused initial value of "C"
message_tests.adb:40:33: warning: unused variable "C"
message_tests.adb:48:32: "C.Flags.A" is not initialized in "Not_All_Used_Out"
message_tests.adb:48:32: "C.Flags.B" is not initialized in "Not_All_Used_Out"
message_tests.adb:48:32: "C.W" is not initialized in "Not_All_Used_Out"
message_tests.adb:66:15: "F.B" is not initialized
parameter_tests.adb:36:32: "G.Y" is not initialized
parameter_tests.adb:50:33: warning: unused initial value of "G"
parameter_tests.adb:50:36: warning: "H" is not modified, could be "input"
   compilation of message_tests.adb failed
   compilation of parameter_tests.adb failed


gnatprove: error during translation to intermediate language, aborting.
gprbuild: *** compilation phase failed
