p.adb:7:27: info: initialization of "MyOut" proved
p.adb:11:09: info: pointer dereference check proved (CVC5: 1 VC)
p.adb:12:18: info: pointer dereference check proved (CVC5: 1 VC)
p.adb:12:26: info: pointer dereference check proved (CVC5: 1 VC)
p.adb:17:28: info: initialization of "MyOut" proved
p.adb:21:18: info: pointer dereference check proved (CVC5: 1 VC)
p.adb:21:26: info: pointer dereference check proved (CVC5: 1 VC)
p.adb:24:04: medium: resource or memory leak might occur at end of scope
p.adb:28:28: info: initialization of "MyOut" proved
p.adb:29:11: info: data dependencies proved
p.adb:32:09: medium: pointer dereference check might fail [possible fix: subprogram at line 27 should mention X in a precondition]
p.adb:33:18: medium: pointer dereference check might fail [possible fix: subprogram at line 27 should mention X in a precondition]
p.adb:33:26: medium: pointer dereference check might fail [possible fix: subprogram at line 27 should mention A in a precondition]
p.adb:38:29: info: initialization of "MyOut" proved
p.adb:39:11: info: data dependencies proved
p.adb:42:18: medium: pointer dereference check might fail [possible fix: subprogram at line 37 should mention X in a precondition]
p.adb:42:26: medium: pointer dereference check might fail [possible fix: subprogram at line 37 should mention A in a precondition]
p.adb:46:04: medium: precondition might fail, cannot prove X /= null
p.adb:46:17: high: formal parameters "X" and "Y" are aliased (SPARK RM 6.4.2)
p.adb:47:18: high: formal parameter "X" and global "A" are aliased (SPARK RM 6.4.2)
p.adb:51:04: medium: precondition might fail, cannot prove X /= null
