delay_cal1.adb:7:68: medium: divide by zero might fail
delay_cal1.adb:7:68: medium: overflow check might fail
delay_cal1.adb:7:68: warning: universal_fixed expression interpreted as type "Standard.Duration"
