u.adb:12:20: info: assertion proved (CVC4: 1 VC)
u.adb:13:20: info: assertion proved (CVC4: 1 VC)
