test_string.ads:8:13: info: implicit aspect Always_Terminates on "Get_Result_Text" has been proved, subprogram will terminate
