assuming_false.adb:6:19: info: assertion proved (CVC5: 1 VC)
