q.adb:8:14: info: initialization of "Y" proved
q.adb:10:19: info: assertion proved (CVC4: 1 VC)
q.adb:10:19: info: initialization of "Z" proved
q.adb:10:23: info: initialization of "Y" proved
