repr.adb:4:14: warning: subprogram "Insert" has no effect
repr.adb:7:48: medium: range check might fail, cannot prove upper bound for U64'Pos (Val) (e.g. when LSE_Value = 255 and Val = 18158513697557839871) [possible fix: add precondition (U64'Pos (Val) in Short_Integer) to subprogram at line 4]
repr.adb:7:59: info: division check proved (CVC5: 1 VC)
repr.adb:13:04: info: precondition proved (CVC5: 1 VC)
