assert_static_false.adb:5:07: high: assertion might fail
assert_static_false.adb:6:07: warning: this statement is never reached
assert_static_false.adb:11:07: high: assertion might fail
assert_static_false.adb:12:07: warning: this statement is never reached
assert_static_false.adb:17:07: high: assertion might fail
assert_static_false.adb:18:07: warning: this statement is never reached
assert_static_false.adb:23:22: high: assertion might fail (e.g. when X = 0 and Y = 0)
assert_static_false.adb:23:24: info: overflow check proved (CVC5: 2 VC)
assert_static_false.adb:23:28: info: overflow check proved (CVC5: 2 VC)
assert_static_false.adb:23:32: info: overflow check proved (CVC5: 2 VC)
assert_static_false.ads:5:13: high: all paths in "Assert_False" raise exceptions or do not terminate normally
assert_static_false.ads:7:13: high: all paths in "Assert_False_Expr" raise exceptions or do not terminate normally
assert_static_false.ads:9:13: high: all paths in "Assert_False_Tautology" raise exceptions or do not terminate normally
assert_static_false.ads:11:13: info: implicit aspect Always_Terminates on "Assert_False_No_Solution" has been proved, subprogram will terminate
assert_static_false.ads:14:11: high: overflow check might fail, cannot prove upper bound for 2 * X (e.g. when X = 1073741824) [reason for check: result of multiplication must fit in a 32-bits machine integer] [possible fix: use pragma Overflow_Mode or switch -gnato13 or unit SPARK.Big_Integers]
assert_static_false.ads:15:20: high: overflow check might fail, cannot prove upper bound for 3 * Y (e.g. when Y = 715827883) [reason for check: result of multiplication must fit in a 32-bits machine integer] [possible fix: use pragma Overflow_Mode or switch -gnato13 or unit SPARK.Big_Integers]
assert_static_false.ads:16:20: info: overflow check proved (CVC5: 2 VC)
assert_static_false.ads:16:24: high: overflow check might fail, cannot prove upper bound for 2 * X + 3 * Y (e.g. when X = 1073741823 and Y = 1) [reason for check: result of addition must fit in a 32-bits machine integer] [possible fix: use pragma Overflow_Mode or switch -gnato13 or unit SPARK.Big_Integers]
assert_static_false.ads:16:28: info: overflow check proved (CVC5: 2 VC)
