qack.ads:6:19: warning: postcondition might fail, requires X = X'old
