p.adb:7:16: info: implicit aspect Always_Terminates on overriding operator "=" has been proved, subprogram will terminate
p.adb:8:16: info: implicit aspect Always_Terminates on overriding operator "=" has been proved, subprogram will terminate
p.adb:10:12: info: invariant check proved on default value (CVC5: 1 VC)
p.adb:15:54: info: division check proved (CVC5: 1 VC)
p.adb:15:66: info: division check proved (CVC5: 1 VC)
p.adb:17:12: info: invariant check proved on default value (CVC5: 1 VC)
p.adb:21:56: info: division check proved (CVC5: 1 VC)
p.adb:21:72: info: division check proved (CVC5: 1 VC)
p.adb:23:12: info: invariant check proved on default value (CVC5: 1 VC)
p.adb:24:26: info: in default value of private type at p.adb:5
p.adb:24:26: info: range check proved (CVC5: 2 VC)
p.adb:31:12: info: invariant check proved on default value (CVC5: 3 VC)
p.adb:38:58: info: data dependencies proved
p.adb:41:15: medium: in inlined invariant at p.adb:13
p.adb:41:15: medium: invariant check might fail, cannot prove D /= 0 [possible fix: subprogram at line 38 should mention A in a precondition]
p.adb:41:19: medium: in inlined invariant at p.adb:13
p.adb:41:19: medium: invariant check might fail, cannot prove D /= 0 [possible fix: subprogram at line 38 should mention B in a precondition]
p.adb:45:09: info: data dependencies proved
p.adb:50:15: medium: in inlined invariant at p.adb:13
p.adb:50:15: medium: invariant check might fail, cannot prove D /= 0
p.adb:50:19: medium: in inlined invariant at p.adb:13
p.adb:50:19: medium: invariant check might fail, cannot prove D /= 0
p.adb:54:09: info: data dependencies proved
p.adb:59:15: medium: in inlined invariant at p.adb:13
p.adb:59:15: medium: invariant check might fail, cannot prove D /= 0
p.adb:59:19: medium: in inlined invariant at p.adb:13
p.adb:59:19: medium: invariant check might fail, cannot prove D /= 0
p.adb:63:09: info: data dependencies proved
p.adb:68:15: info: invariant check proved (CVC5: 2 VC)
p.adb:68:19: info: invariant check proved (CVC5: 2 VC)
p.adb:71:12: info: invariant check proved on default value (CVC5: 1 VC; Trivial: 1 VC)
p.adb:73:58: info: data dependencies proved
p.adb:78:15: medium: in inlined invariant at p.adb:13
p.adb:78:15: medium: invariant check might fail, cannot prove D /= 0 [possible fix: subprogram at line 73 should mention A in a precondition]
p.adb:78:19: medium: in inlined invariant at p.adb:13
p.adb:78:19: medium: invariant check might fail, cannot prove D /= 0 [possible fix: subprogram at line 73 should mention B in a precondition]
p.adb:82:09: info: data dependencies proved
p.adb:83:63: info: index check proved (CVC5: 2 VC)
p.adb:83:85: info: index check proved (CVC5: 2 VC)
p.adb:87:15: medium: in inlined invariant at p.adb:13
p.adb:87:15: medium: invariant check might fail, cannot prove D /= 0
p.adb:87:19: medium: in inlined invariant at p.adb:13
p.adb:87:19: medium: invariant check might fail, cannot prove D /= 0
p.adb:91:09: info: data dependencies proved
p.adb:96:15: info: invariant check proved (CVC5: 1 VC; Trivial: 1 VC)
p.adb:96:19: info: invariant check proved (CVC5: 1 VC; Trivial: 1 VC)
p.adb:99:12: info: invariant check proved on default value (CVC5: 2 VC; Trivial: 2 VC)
p.adb:100:10: info: range check proved (CVC5: 2 VC)
p.adb:108:60: info: data dependencies proved
p.adb:111:15: medium: in inlined invariant at p.adb:13
p.adb:111:15: medium: invariant check might fail, cannot prove D /= 0 [possible fix: subprogram at line 108 should mention A in a precondition]
p.adb:111:19: medium: in inlined invariant at p.adb:13
p.adb:111:19: medium: invariant check might fail, cannot prove D /= 0 [possible fix: subprogram at line 108 should mention B in a precondition]
p.adb:115:09: info: data dependencies proved
p.adb:120:15: medium: in inlined invariant at p.adb:13
p.adb:120:15: medium: invariant check might fail, cannot prove D /= 0
p.adb:120:19: medium: in inlined invariant at p.adb:13
p.adb:120:19: medium: invariant check might fail, cannot prove D /= 0
p.adb:124:09: info: data dependencies proved
p.adb:129:15: medium: in inlined invariant at p.adb:13
p.adb:129:15: medium: invariant check might fail, cannot prove D /= 0
p.adb:129:19: medium: in inlined invariant at p.adb:13
p.adb:129:19: medium: invariant check might fail, cannot prove D /= 0
p.adb:133:09: info: data dependencies proved
p.adb:138:15: info: invariant check proved (CVC5: 2 VC; Trivial: 2 VC)
p.adb:138:19: info: invariant check proved (CVC5: 2 VC; Trivial: 2 VC)
p.adb:141:12: info: invariant check proved on default value (CVC5: 1 VC)
p.adb:145:58: info: data dependencies proved
p.adb:151:12: info: invariant check proved on default value (Trivial: 1 VC; altergo: 1 VC)
p.adb:153:58: info: data dependencies proved
p.adb:160:09: info: data dependencies proved
p.adb:165:15: medium: in inlined invariant at p.adb:13
p.adb:165:15: medium: invariant check might fail, cannot prove D /= 0 [possible fix: precondition of subprogram at line 159 should mention A]
p.adb:165:20: info: invariant check proved (CVC5: 2 VC)
p.adb:165:24: info: invariant check proved (CVC5: 2 VC)
p.adb:169:09: info: data dependencies proved
p.adb:174:15: info: invariant check proved (CVC5: 2 VC)
p.adb:174:20: medium: in inlined invariant at p.adb:13
p.adb:174:20: medium: invariant check might fail, cannot prove D /= 0 [possible fix: precondition of subprogram at line 168 should mention B]
p.adb:174:24: medium: in inlined invariant at p.adb:13
p.adb:174:24: medium: invariant check might fail, cannot prove D /= 0 [possible fix: precondition of subprogram at line 168 should mention C]
p.adb:178:09: info: data dependencies proved
p.adb:183:15: info: invariant check proved (CVC5: 2 VC)
p.adb:183:20: info: invariant check proved (CVC5: 2 VC)
p.adb:183:24: medium: in inlined invariant at p.adb:13
p.adb:183:24: medium: invariant check might fail, cannot prove D /= 0 [possible fix: precondition of subprogram at line 177 should mention C]
p.adb:187:09: info: data dependencies proved
p.adb:192:15: info: invariant check proved (CVC5: 2 VC)
p.adb:192:20: info: invariant check proved (CVC5: 2 VC)
p.adb:192:24: info: invariant check proved (CVC5: 2 VC)
p.adb:196:09: info: data dependencies proved
p.adb:201:15: info: invariant check proved (CVC5: 2 VC)
p.adb:201:20: medium: in inlined invariant at p.adb:13
p.adb:201:20: medium: invariant check might fail, cannot prove D /= 0 [possible fix: precondition of subprogram at line 195 should mention B]
p.adb:205:09: info: data dependencies proved
p.adb:210:15: medium: in inlined invariant at p.adb:13
p.adb:210:15: medium: invariant check might fail, cannot prove D /= 0 [possible fix: precondition of subprogram at line 204 should mention A]
p.adb:210:20: info: invariant check proved (CVC5: 2 VC)
p.adb:214:09: info: data dependencies proved
p.adb:219:15: info: invariant check proved (CVC5: 2 VC)
p.adb:219:20: info: invariant check proved (CVC5: 2 VC)
p.adb:223:09: info: data dependencies proved
p.adb:227:15: medium: in inlined invariant at p.adb:13
p.adb:227:15: medium: invariant check might fail, cannot prove D /= 0 [possible fix: subprogram at line 222 should mention A in a precondition]
p.adb:227:20: medium: in inlined invariant at p.adb:13
p.adb:227:20: medium: invariant check might fail, cannot prove D /= 0 [possible fix: subprogram at line 222 should mention B in a precondition]
p.adb:227:24: medium: in inlined invariant at p.adb:13
p.adb:227:24: medium: invariant check might fail, cannot prove D /= 0 [possible fix: subprogram at line 222 should mention C in a precondition]
