test_loops.adb:11:07: info: range check proved (CVC4: 2 VC)
test_loops.adb:19:14: info: postcondition proved (CVC4: 5 VC)
test_loops.adb:29:14: info: postcondition proved (CVC4: 3 VC; Trivial: 4 VC)
test_loops.adb:36:14: info: postcondition proved (CVC4: 1 VC)
test_loops.adb:44:14: info: postcondition proved (CVC4: 7 VC; Trivial: 1 VC)
test_loops.adb:44:17: info: index check proved (CVC4: 2 VC)
test_loops.adb:46:37: info: index check proved (CVC4: 2 VC)
test_loops.adb:46:64: info: index check proved (CVC4: 2 VC)
test_loops.adb:48:22: info: index check proved (CVC4: 2 VC)
test_loops.adb:48:49: info: index check proved (CVC4: 2 VC)
test_loops.adb:49:30: info: index check proved (CVC4: 2 VC)
test_loops.adb:49:57: info: index check proved (CVC4: 2 VC)
test_loops.adb:52:10: info: index check proved (CVC4: 2 VC)
test_loops.adb:55:14: info: add a contract to analyze it separately from calling contexts
test_loops.adb:55:14: info: local subprogram "Init_First" only analyzed in the context of calls
test_loops.adb:57:07: info: range check proved (CVC4: 2 VC), in call inlined at test_loops.adb:101
test_loops.adb:57:07: info: range check proved (CVC4: 2 VC), in call inlined at test_loops.adb:74
test_loops.adb:57:24: info: range check proved (CVC4: 2 VC), in call inlined at test_loops.adb:101
test_loops.adb:57:24: info: range check proved (CVC4: 2 VC), in call inlined at test_loops.adb:74
test_loops.adb:57:35: info: range check proved (CVC4: 2 VC), in call inlined at test_loops.adb:101
test_loops.adb:57:35: info: range check proved (CVC4: 2 VC), in call inlined at test_loops.adb:74
test_loops.adb:60:07: info: range check proved (CVC4: 1 VC), in call inlined at test_loops.adb:101
test_loops.adb:60:07: info: range check proved (CVC4: 1 VC), in call inlined at test_loops.adb:74
test_loops.adb:60:09: info: length check proved (CVC4: 3 VC; Trivial: 1 VC), in call inlined at test_loops.adb:101
test_loops.adb:60:09: info: length check proved (CVC4: 3 VC; Trivial: 1 VC), in call inlined at test_loops.adb:74
test_loops.adb:60:12: info: range check proved (CVC4: 1 VC), in call inlined at test_loops.adb:74
test_loops.adb:60:12: medium: initialization check might fail, in call inlined at test_loops.adb:74
test_loops.adb:63:28: info: initialization of "X" proved
test_loops.adb:67:16: medium: initialization check might fail
test_loops.adb:68:16: info: initialization check proved (CVC4: 3 VC; Trivial: 4 VC)
test_loops.adb:69:07: info: precondition proved (CVC4: 2 VC)
test_loops.adb:69:16: info: initialization check proved (CVC4: 3 VC; Trivial: 4 VC)
test_loops.adb:71:35: info: cannot unroll loop (too many loop iterations)
test_loops.adb:71:35: warning: statement has no effect
test_loops.adb:72:16: info: index check proved (CVC4: 2 VC)
test_loops.adb:72:22: warning: unused assignment
test_loops.adb:74:39: info: index check proved (CVC4: 2 VC)
test_loops.adb:75:27: info: cannot unroll loop (too many loop iterations)
test_loops.adb:76:10: info: precondition proved (CVC4: 2 VC)
test_loops.adb:76:20: info: initialization check proved (CVC4: 3 VC; Trivial: 5 VC)
test_loops.adb:76:34: info: range check proved (CVC4: 1 VC)
test_loops.adb:78:35: info: cannot unroll loop (too many loop iterations)
test_loops.adb:79:16: info: index check proved (CVC4: 2 VC)
test_loops.adb:81:27: info: cannot unroll loop (too many loop iterations)
test_loops.adb:82:10: info: precondition proved (CVC4: 2 VC)
test_loops.adb:82:19: info: initialization check proved (CVC4: 3 VC; Trivial: 4 VC)
test_loops.adb:82:38: info: index check proved (CVC4: 2 VC)
test_loops.adb:87:24: info: initialization of "X" proved
test_loops.adb:91:41: info: range check proved (CVC4: 2 VC)
test_loops.adb:94:17: info: postcondition proved (CVC4: 6 VC; Trivial: 12 VC)
test_loops.adb:99:10: info: precondition proved (CVC4: 2 VC)
test_loops.adb:101:42: info: index check proved (CVC4: 2 VC)
test_loops.adb:103:13: info: precondition proved (CVC4: 4 VC)
test_loops.adb:103:37: info: range check proved (CVC4: 2 VC)
test_loops.adb:104:36: info: loop invariant initialization proved (CVC4: 1 VC)
test_loops.adb:104:36: info: loop invariant preservation proved (CVC4: 1 VC)
test_loops.adb:104:65: info: index check proved (CVC4: 4 VC)
test_loops.adb:107:19: info: index check proved (CVC4: 4 VC)
test_loops.adb:108:36: info: loop invariant initialization proved (CVC4: 1 VC)
test_loops.adb:108:36: info: loop invariant preservation proved (CVC4: 1 VC)
test_loops.adb:108:69: info: index check proved (CVC4: 4 VC)
test_loops.adb:109:36: info: loop invariant initialization proved (CVC4: 1 VC)
test_loops.adb:109:36: info: loop invariant preservation proved (CVC4: 1 VC)
test_loops.adb:109:69: info: index check proved (CVC4: 4 VC)
test_loops.adb:112:13: info: precondition proved (CVC4: 4 VC)
test_loops.adb:112:41: info: index check proved (CVC4: 4 VC)
test_loops.adb:113:36: info: loop invariant initialization proved (CVC4: 2 VC)
test_loops.adb:113:36: info: loop invariant preservation proved (CVC4: 2 VC)
test_loops.adb:113:69: info: index check proved (CVC4: 4 VC)
test_loops.adb:113:97: info: index check proved (CVC4: 4 VC)
test_loops.adb:114:36: info: loop invariant initialization proved (CVC4: 1 VC)
test_loops.adb:114:36: info: loop invariant preservation proved (CVC4: 1 VC)
test_loops.adb:114:65: info: index check proved (CVC4: 4 VC)
test_loops.adb:118:07: info: precondition proved (CVC4: 1 VC)
test_loops.adb:118:15: info: initialization check proved (CVC4: 6 VC; Trivial: 12 VC)
test_loops.adb:118:28: info: discriminant check proved (CVC4: 1 VC)
test_loops_2.adb:11:07: info: range check proved (CVC4: 2 VC)
test_loops_2.adb:17:14: info: postcondition proved (CVC4: 5 VC)
test_loops_2.adb:30:14: info: postcondition proved (CVC4: 3 VC; Trivial: 4 VC)
test_loops_2.adb:40:14: info: postcondition proved (CVC4: 1 VC)
test_loops_2.adb:51:14: info: postcondition proved (CVC4: 7 VC; Trivial: 1 VC)
test_loops_2.adb:51:17: info: index check proved (CVC4: 2 VC)
test_loops_2.adb:53:37: info: index check proved (CVC4: 2 VC)
test_loops_2.adb:53:64: info: index check proved (CVC4: 2 VC)
test_loops_2.adb:55:22: info: index check proved (CVC4: 2 VC)
test_loops_2.adb:55:49: info: index check proved (CVC4: 2 VC)
test_loops_2.adb:56:30: info: index check proved (CVC4: 2 VC)
test_loops_2.adb:56:57: info: index check proved (CVC4: 2 VC)
test_loops_2.adb:61:10: info: index check proved (CVC4: 2 VC)
test_loops_2.adb:67:14: info: postcondition proved (CVC4: 1 VC)
test_loops_2.adb:67:17: info: index check proved (CVC4: 2 VC)
test_loops_2.adb:71:19: info: index check proved (CVC4: 2 VC)
test_loops_2.adb:78:17: medium: initialization check might fail
test_loops_2.adb:79:17: info: initialization check proved (CVC4: 3 VC; Trivial: 4 VC)
test_loops_2.adb:80:07: info: precondition proved (CVC4: 2 VC)
test_loops_2.adb:80:17: info: initialization check proved (CVC4: 3 VC; Trivial: 4 VC)
test_loops_2.adb:82:35: info: cannot unroll loop (too many loop iterations)
test_loops_2.adb:83:16: info: index check proved (CVC4: 2 VC)
test_loops_2.adb:85:07: info: precondition proved (CVC4: 2 VC)
test_loops_2.adb:85:17: medium: "X.G1" might not be initialized
test_loops_2.adb:85:18: info: initialization check proved (CVC4: 3 VC; Trivial: 5 VC)
test_loops_2.adb:86:27: info: cannot unroll loop (too many loop iterations)
test_loops_2.adb:87:10: info: precondition proved (CVC4: 2 VC)
test_loops_2.adb:87:21: info: initialization check proved (CVC4: 3 VC; Trivial: 5 VC)
test_loops_2.adb:89:35: info: cannot unroll loop (too many loop iterations)
test_loops_2.adb:90:16: info: index check proved (CVC4: 2 VC)
test_loops_2.adb:92:27: info: cannot unroll loop (too many loop iterations)
test_loops_2.adb:93:10: info: precondition proved (CVC4: 2 VC)
test_loops_2.adb:93:20: info: initialization check proved (CVC4: 3 VC; Trivial: 4 VC)
test_loops_2.adb:93:25: info: index check proved (CVC4: 2 VC)
test_loops_2.adb:98:24: info: initialization of "X" proved
test_loops_2.adb:104:17: info: postcondition proved (CVC4: 6 VC; Trivial: 12 VC)
test_loops_2.adb:110:10: info: precondition proved (CVC4: 2 VC)
test_loops_2.adb:112:10: info: precondition proved (CVC4: 2 VC)
test_loops_2.adb:114:13: info: precondition proved (CVC4: 4 VC)
test_loops_2.adb:115:36: info: loop invariant initialization proved (CVC4: 1 VC)
test_loops_2.adb:115:36: info: loop invariant preservation proved (CVC4: 1 VC)
test_loops_2.adb:115:65: info: index check proved (CVC4: 4 VC)
test_loops_2.adb:118:19: info: index check proved (CVC4: 4 VC)
test_loops_2.adb:119:36: info: loop invariant initialization proved (CVC4: 1 VC)
test_loops_2.adb:119:36: info: loop invariant preservation proved (CVC4: 1 VC)
test_loops_2.adb:119:69: info: index check proved (CVC4: 4 VC)
test_loops_2.adb:120:36: info: loop invariant initialization proved (CVC4: 1 VC)
test_loops_2.adb:120:36: info: loop invariant preservation proved (CVC4: 1 VC)
test_loops_2.adb:120:69: info: index check proved (CVC4: 4 VC)
test_loops_2.adb:123:13: info: precondition proved (CVC4: 4 VC)
test_loops_2.adb:123:28: info: index check proved (CVC4: 4 VC)
test_loops_2.adb:124:36: info: loop invariant initialization proved (CVC4: 2 VC)
test_loops_2.adb:124:36: info: loop invariant preservation proved (CVC4: 2 VC)
test_loops_2.adb:124:69: info: index check proved (CVC4: 4 VC)
test_loops_2.adb:124:97: info: index check proved (CVC4: 4 VC)
test_loops_2.adb:125:36: info: loop invariant initialization proved (CVC4: 1 VC)
test_loops_2.adb:125:36: info: loop invariant preservation proved (CVC4: 1 VC)
test_loops_2.adb:125:65: info: index check proved (CVC4: 4 VC)
test_loops_2.adb:129:07: info: precondition proved (CVC4: 1 VC)
test_loops_2.adb:129:15: info: initialization check proved (CVC4: 6 VC; Trivial: 12 VC)
