foo.adb:2:14: error: aspect "Exit_Cases" with exit kind "Program_Exit" on ghost operations is not allowed in SPARK
foo.adb:2:14: error: violation of aspect SPARK_Mode at line 1
gnatprove: error during flow analysis and proof
