prepost.ads:2:17: warning: unused initial value of "X"
prepost.ads:4:20: warning: postcondition might fail, requires X < 0
